node.exe : npm warn 
Unknown project config 
"public-hoist-pattern". 
This will stop working in 
the next major version of 
npm.
At line:1 char:1
+ & "C:\Program 
Files\nodejs/node.exe" 
"C:\Program 
Files\nodejs/node_mo ...
+ ~~~~~~~~~~~~~~~~~~~~~~~~
~~~~~~~~~~~~~~~~~~~~~~~~~~
~~~~~~~~~~~~~~~~~~~
    + CategoryInfo        
      : NotSpecified: (n  
  pm warn Unknow...vers   
 ion of npm.:String) [    
], RemoteException
    + FullyQualifiedError 
   Id : NativeCommandErr  
  or
 

> build
> vite build

[36mvite v8.0.3 [32mbuilding client environment for production...[36m[39m
[plugin @laravel/vite-plugin-wayfinder] Types generated for actions, routes, form variants
[2K
transforming...✓ 2589 modules transformed.
rendering chunks...
[31m✗[39m Build failed 
in 3.72s
[31merror during build:
[31mBuild failed with 6 
errors:

[31m[MISSING_EXPORT] 
Error:[0m "brands" is 
not exported by "resources
/js/routes/index.ts".
   [38;5;246m╭[0m[38;5;
246m─[0m[38;5;246m[[0m 
resources/js/pages/Brands/
Create.tsx:7:10 
[38;5;246m][0m
   [38;5;246m│[0m
 [38;5;246m7 │[0m [38;5
;249mi[0m[38;5;249mm[0m
[38;5;249mp[0m[38;5;249
mo[0m[38;5;249mr[0m[38
;5;249mt[0m[38;5;249m [
0m[38;5;249m{[0m[38;5;2
49m [0mbrands[38;5;249m 
[0m[38;5;249m}[0m[38;5
;249m [0m[38;5;249mf[0m
[38;5;249mr[0m[38;5;249
mo[0m[38;5;249mm[0m[38
;5;249m [0m[38;5;249m"[
0m[38;5;249m@[0m[38;5;2
49m/[0m[38;5;249mr[0m[
38;5;249mo[0m[38;5;249mu
[0m[38;5;249mt[0m[38;5
;249me[0m[38;5;249ms[0m
[38;5;249m"[0m[38;5;249
m;[0m
 [38;5;240m  │[0m       
   ───┬──  
 [38;5;240m  │[0m       
      ╰──── Missing export
[38;5;246m───╯[0m

[31m[MISSING_EXPORT] 
Error:[0m "brands" is 
not exported by "resources
/js/routes/index.ts".
   [38;5;246m╭[0m[38;5;
246m─[0m[38;5;246m[[0m 
resources/js/pages/Brands/
Edit.tsx:7:10 
[38;5;246m][0m
   [38;5;246m│[0m
 [38;5;246m7 │[0m [38;5
;249mi[0m[38;5;249mm[0m
[38;5;249mp[0m[38;5;249
mo[0m[38;5;249mr[0m[38
;5;249mt[0m[38;5;249m [
0m[38;5;249m{[0m[38;5;2
49m [0mbrands[38;5;249m 
[0m[38;5;249m}[0m[38;5
;249m [0m[38;5;249mf[0m
[38;5;249mr[0m[38;5;249
mo[0m[38;5;249mm[0m[38
;5;249m [0m[38;5;249m"[
0m[38;5;249m@[0m[38;5;2
49m/[0m[38;5;249mr[0m[
38;5;249mo[0m[38;5;249mu
[0m[38;5;249mt[0m[38;5
;249me[0m[38;5;249ms[0m
[38;5;249m"[0m[38;5;249
m;[0m
 [38;5;240m  │[0m       
   ───┬──  
 [38;5;240m  │[0m       
      ╰──── Missing export
[38;5;246m───╯[0m

[31m[MISSING_EXPORT] 
Error:[0m "brands" is 
not exported by "resources
/js/routes/index.ts".
   [38;5;246m╭[0m[38;5;
246m─[0m[38;5;246m[[0m 
resources/js/pages/Brands/
Index.tsx:5:10 
[38;5;246m][0m
   [38;5;246m│[0m
 [38;5;246m5 │[0m [38;5
;249mi[0m[38;5;249mm[0m
[38;5;249mp[0m[38;5;249
mo[0m[38;5;249mr[0m[38
;5;249mt[0m[38;5;249m [
0m[38;5;249m{[0m[38;5;2
49m [0mbrands[38;5;249m 
[0m[38;5;249m}[0m[38;5
;249m [0m[38;5;249mf[0m
[38;5;249mr[0m[38;5;249
mo[0m[38;5;249mm[0m[38
;5;249m [0m[38;5;249m"[
0m[38;5;249m@[0m[38;5;2
49m/[0m[38;5;249mr[0m[
38;5;249mo[0m[38;5;249mu
[0m[38;5;249mt[0m[38;5
;249me[0m[38;5;249ms[0m
[38;5;249m"[0m[38;5;249
m;[0m
 [38;5;240m  │[0m       
   ───┬──  
 [38;5;240m  │[0m       
      ╰──── Missing export
[38;5;246m───╯[0m

[31m[MISSING_EXPORT] 
Error:[0m "categories" 
is not exported by "resour
ces/js/routes/index.ts".
   [38;5;246m╭[0m[38;5;
246m─[0m[38;5;246m[[0m 
resources/js/pages/Categor
ies/Create.tsx:7:10 
[38;5;246m][0m
   [38;5;246m│[0m
 [38;5;246m7 │[0m [38;5
;249mi[0m[38;5;249mm[0m
[38;5;249mp[0m[38;5;249
mo[0m[38;5;249mr[0m[38
;5;249mt[0m[38;5;249m [
0m[38;5;249m{[0m[38;5;2
49m 
[0mcategories[38;5;249m 
[0m[38;5;249m}[0m[38;5
;249m [0m[38;5;249mf[0m
[38;5;249mr[0m[38;5;249
mo[0m[38;5;249mm[0m[38
;5;249m [0m[38;5;249m"[
0m[38;5;249m@[0m[38;5;2
49m/[0m[38;5;249mr[0m[
38;5;249mo[0m[38;5;249mu
[0m[38;5;249mt[0m[38;5
;249me[0m[38;5;249ms[0m
[38;5;249m"[0m[38;5;249
m;[0m
 [38;5;240m  │[0m       
   ─────┬────  
 [38;5;240m  │[0m       
        ╰────── Missing 
export
[38;5;246m───╯[0m

[31m[MISSING_EXPORT] 
Error:[0m "categories" 
is not exported by "resour
ces/js/routes/index.ts".
   [38;5;246m╭[0m[38;5;
246m─[0m[38;5;246m[[0m 
resources/js/pages/Categor
ies/Edit.tsx:7:10 
[38;5;246m][0m
   [38;5;246m│[0m
 [38;5;246m7 │[0m [38;5
;249mi[0m[38;5;249mm[0m
[38;5;249mp[0m[38;5;249
mo[0m[38;5;249mr[0m[38
;5;249mt[0m[38;5;249m [
0m[38;5;249m{[0m[38;5;2
49m 
[0mcategories[38;5;249m 
[0m[38;5;249m}[0m[38;5
;249m [0m[38;5;249mf[0m
[38;5;249mr[0m[38;5;249
mo[0m[38;5;249mm[0m[38
;5;249m [0m[38;5;249m"[
0m[38;5;249m@[0m[38;5;2
49m/[0m[38;5;249mr[0m[
38;5;249mo[0m[38;5;249mu
[0m[38;5;249mt[0m[38;5
;249me[0m[38;5;249ms[0m
[38;5;249m"[0m[38;5;249
m;[0m
 [38;5;240m  │[0m       
   ─────┬────  
 [38;5;240m  │[0m       
        ╰────── Missing 
export
[38;5;246m───╯[0m

...[31m
    at aggregateBindingErr
orsIntoJsError (file:///C:
/laragon/www/project-backe
nd/node_modules/rolldown/d
ist/shared/error-BLhcSyeg.
mjs:48:18)
    at 
unwrapBindingResult (file:
///C:/laragon/www/project-
backend/node_modules/rolld
own/dist/shared/error-BLhc
Syeg.mjs:18:128)
    at #build (file:///C:/
laragon/www/project-backen
d/node_modules/rolldown/di
st/shared/rolldown-build-C
PrIX9V6.mjs:3313:34)
    at async 
buildEnvironment (file:///
C:/laragon/www/project-bac
kend/node_modules/vite/dis
t/node/chunks/node.js:3284
9:64)
    at async Object.build 
(file:///C:/laragon/www/pr
oject-backend/node_modules
/vite/dist/node/chunks/nod
e.js:33271:19)
    at async 
Object.buildApp (file:///C
:/laragon/www/project-back
end/node_modules/vite/dist
/node/chunks/node.js:33268
:153)
    at async 
CAC.<anonymous> (file:///C
:/laragon/www/project-back
end/node_modules/vite/dist
/node/cli.js:778:3) {
  errors: [Getter/Setter]
}[39m
