﻿

  [41;1m ERROR [49;22m Test case [Tests\TestCase] can not be used. The folder [C:\laragon\www\project-backend\tests\Feature\Api\CatalogTest.php] already uses the test case [Tests\TestCase].

Location: C:\laragon\www\project-backend\vendor\pestphp\pest\src\Repositories\TestRepository.php:181

#0 C:\laragon\www\project-backend\vendor\pestphp\pest\src\Repositories\TestRepository.php(163): Pest\Repositories\TestRepository->make(Object(Pest\Factories\TestCaseFactory))
#1 C:\laragon\www\project-backend\vendor\pestphp\pest\overrides\Runner\TestSuiteLoader.php(97): Pest\Repositories\TestRepository->makeIfNeeded('C:\\laragon\\www\\...')
#2 C:\laragon\www\project-backend\vendor\pestphp\pest\overrides\Runner\TestSuiteLoader.php(98): PHPUnit\Runner\TestSuiteLoader::PHPUnit\Runner\{closure}()
#3 C:\laragon\www\project-backend\vendor\phpunit\phpunit\src\Framework\TestSuite.php(237): PHPUnit\Runner\TestSuiteLoader->load('C:\\laragon\\www\\...')
#4 C:\laragon\www\project-backend\vendor\phpunit\phpunit\src\TextUI\Configuration\Xml\TestSuiteMapper.php(104): PHPUnit\Framework\TestSuite->addTestFile('C:\\laragon\\www\\...', Array)
#5 C:\laragon\www\project-backend\vendor\phpunit\phpunit\src\TextUI\Configuration\TestSuiteBuilder.php(75): PHPUnit\TextUI\XmlConfiguration\TestSuiteMapper->map('C:\\laragon\\www\\...', Object(PHPUnit\TextUI\Configuration\TestSuiteCollection), Array, Array)
#6 C:\laragon\www\project-backend\vendor\phpunit\phpunit\src\TextUI\Application.php(389): PHPUnit\TextUI\Configuration\TestSuiteBuilder->build(Object(PHPUnit\TextUI\Configuration\Configuration))
#7 C:\laragon\www\project-backend\vendor\phpunit\phpunit\src\TextUI\Application.php(196): PHPUnit\TextUI\Application->buildTestSuite(Object(PHPUnit\TextUI\Configuration\Configuration))
#8 C:\laragon\www\project-backend\vendor\pestphp\pest\src\Kernel.php(103): PHPUnit\TextUI\Application->run(Array)
#9 C:\laragon\www\project-backend\vendor\pestphp\pest\bin\pest(184): Pest\Kernel->handle(Array, Array)
#10 C:\laragon\www\project-backend\vendor\pestphp\pest\bin\pest(192): {closure}()
#11 {main}.
